// Jest Snapshot v1, https://goo.gl/fbAQLP

exports[`Alert should render the Alert Component correctly 1`] = `
<div
  className="text-center alert alert-info"
  role="alert"
/>
`;
